// Jest Snapshot v1, https://goo.gl/fbAQLP

exports[`normalizePathPattern Throw if no pattern is passed 1`] = `"Missing string parameter pattern"`;
